// Jest Snapshot v1, https://goo.gl/fbAQLP

exports[`Outfit loads an outfit by ID 1`] = `
Object {
  "outfit": Object {
    "closetedItems": Array [
      Object {
        "id": "36125",
        "name": "Blue Newsboy Hat",
      },
      Object {
        "id": "36467",
        "name": "Daring Adventurer Hat",
      },
      Object {
        "id": "47075",
        "name": "Jordies Adventure Hat",
      },
      Object {
        "id": "47056",
        "name": "Moltara Inventor Hat and Goggles",
      },
      Object {
        "id": "39662",
        "name": "Simple Sun Hat",
      },
      Object {
        "id": "56706",
        "name": "Super Sleuth Hat and Wig",
      },
      Object {
        "id": "38915",
        "name": "Zafara Tourist Shirt",
      },
      Object {
        "id": "56398",
        "name": "Altador Cup Kreludor Frame",
      },
    ],
    "id": "31856",
    "name": "Zafara Tourist",
    "petAppearance": Object {
      "color": Object {
        "id": "34",
        "name": "Green",
      },
      "id": "3951",
      "pose": "UNKNOWN",
      "species": Object {
        "id": "54",
        "name": "Zafara",
      },
    },
    "wornItems": Array [
      Object {
        "id": "38916",
        "name": "Zafara Tourist Camera",
      },
      Object {
        "id": "51054",
        "name": "Summer Fun Beach Background",
      },
      Object {
        "id": "38914",
        "name": "Zafara Tourist Hat",
      },
    ],
  },
}
`;
